// Vitest Snapshot v1, https://vitest.dev/guide/snapshot.html

exports[`Loads and displays Button component > renders correctly 1`] = `"<button class="rounded text-sm tracking-wider font-medium focus:shadow-primary focus:outline-none text-white bg-blue-400 enabled:hover:bg-blue-500 py-1 px-2 min-h-[32px] cursor-not-allowed opacity-85" type="button" disabled=""><span class="flex items-center gap-2"><svg xmlns="http://www.w3.org/2000/svg" fill="currentColor" viewBox="0 0 18 18" class="w-[14px] h-[14px]"><path d="M15.75 3h-2.325A3.76 3.76 0 0 0 9.75 0h-1.5a3.76 3.76 0 0 0-3.675 3H2.25a.75.75 0 0 0 0 1.5H3v9.75A3.754 3.754 0 0 0 6.75 18h4.5A3.754 3.754 0 0 0 15 14.25V4.5h.75a.75.75 0 1 0 0-1.5m-7.5-1.5h1.5A2.255 2.255 0 0 1 11.872 3H6.128A2.255 2.255 0 0 1 8.25 1.5m5.25 12.75a2.25 2.25 0 0 1-2.25 2.25h-4.5a2.25 2.25 0 0 1-2.25-2.25V4.5h9z"></path><path d="M7.5 13.5a.75.75 0 0 0 .75-.75v-4.5a.75.75 0 0 0-1.5 0v4.5a.75.75 0 0 0 .75.75m3 0a.75.75 0 0 0 .75-.75v-4.5a.75.75 0 1 0-1.5 0v4.5a.75.75 0 0 0 .75.75"></path></svg> My button</span></button>"`;
