// Vitest Snapshot v1, https://vitest.dev/guide/snapshot.html

exports[`Loads and displays Tag component > renders correctly 1`] = `"<div class="inline-flex items-center min-h-[24px] rounded px-2 py-0.5 bg-pink-100 text-pink-200"><span class="text-xs font-medium">My tag</span></div>"`;
